TLC2 Version 2026.07.09.134028 (rev: 227f61b)
Running breadth-first search Model-Checking with fp 14 and seed 5980395382180657994 with 4 workers on 10 cores with 3641MB heap and 64MB offheap memory [pid: 42883] (Mac OS X 15.7.3 aarch64, Homebrew 17.0.18 64bit, MSBDiskFPSet, DiskStateQueue).
Parsing file /Users/fatih/Documents/Works/solidus.network/projects/protocol/apps/consensus/crates/solidus-hotstuff2/tla+/HotStuff2Commit.tla
Parsing file /private/var/folders/2p/_292n6k14tgb_c76zxyrpz180000gn/T/tlc-14605594060897537424/Naturals.tla (jar:file:/Users/fatih/Documents/Works/solidus.network/projects/protocol/apps/consensus/crates/solidus-hotstuff2/tla+/tla2tools.jar!/tla2sany/StandardModules/Naturals.tla)
Parsing file /private/var/folders/2p/_292n6k14tgb_c76zxyrpz180000gn/T/tlc-14605594060897537424/FiniteSets.tla (jar:file:/Users/fatih/Documents/Works/solidus.network/projects/protocol/apps/consensus/crates/solidus-hotstuff2/tla+/tla2tools.jar!/tla2sany/StandardModules/FiniteSets.tla)
Parsing file /private/var/folders/2p/_292n6k14tgb_c76zxyrpz180000gn/T/tlc-14605594060897537424/_TLCTrace.tla (jar:file:/Users/fatih/Documents/Works/solidus.network/projects/protocol/apps/consensus/crates/solidus-hotstuff2/tla+/tla2tools.jar!/tla2sany/StandardModules/_TLCTrace.tla)
Parsing file /private/var/folders/2p/_292n6k14tgb_c76zxyrpz180000gn/T/tlc-14605594060897537424/Sequences.tla (jar:file:/Users/fatih/Documents/Works/solidus.network/projects/protocol/apps/consensus/crates/solidus-hotstuff2/tla+/tla2tools.jar!/tla2sany/StandardModules/Sequences.tla)
Parsing file /private/var/folders/2p/_292n6k14tgb_c76zxyrpz180000gn/T/tlc-14605594060897537424/TLC.tla (jar:file:/Users/fatih/Documents/Works/solidus.network/projects/protocol/apps/consensus/crates/solidus-hotstuff2/tla+/tla2tools.jar!/tla2sany/StandardModules/TLC.tla)
Parsing file /private/var/folders/2p/_292n6k14tgb_c76zxyrpz180000gn/T/tlc-14605594060897537424/TLCExt.tla (jar:file:/Users/fatih/Documents/Works/solidus.network/projects/protocol/apps/consensus/crates/solidus-hotstuff2/tla+/tla2tools.jar!/tla2sany/StandardModules/TLCExt.tla)
Parsing file /private/var/folders/2p/_292n6k14tgb_c76zxyrpz180000gn/T/tlc-14605594060897537424/Integers.tla (jar:file:/Users/fatih/Documents/Works/solidus.network/projects/protocol/apps/consensus/crates/solidus-hotstuff2/tla+/tla2tools.jar!/tla2sany/StandardModules/Integers.tla)
Semantic processing of module Naturals
Semantic processing of module Sequences
Semantic processing of module FiniteSets
Semantic processing of module TLC
Semantic processing of module Integers
Semantic processing of module TLCExt
Semantic processing of module _TLCTrace
Semantic processing of module HotStuff2Commit
Linting of module TLCExt
Linting of module _TLCTrace
Linting of module HotStuff2Commit
Starting... (2026-07-12 05:13:11)
Computing initial states...
Finished computing initial states: 1 distinct state generated at 2026-07-12 05:13:12.
Progress(9) at 2026-07-12 05:13:15: 1,462,323 states generated (1,462,323 s/min), 311,961 distinct states found (311,961 ds/min), 234,299 states left on queue.
Progress(12) at 2026-07-12 05:14:14: 36,470,282 states generated (35,007,959 s/min), 5,865,593 distinct states found (5,553,632 ds/min), 4,072,502 states left on queue.
Progress(12) at 2026-07-12 05:15:14: 70,796,823 states generated (34,326,541 s/min), 10,477,951 distinct states found (4,612,358 ds/min), 7,021,623 states left on queue.
Progress(13) at 2026-07-12 05:16:14: 105,328,953 states generated (34,532,130 s/min), 15,320,160 distinct states found (4,842,209 ds/min), 10,212,191 states left on queue.
Progress(13) at 2026-07-12 05:17:14: 140,546,649 states generated (35,217,696 s/min), 20,020,974 distinct states found (4,700,814 ds/min), 13,365,974 states left on queue.
Progress(13) at 2026-07-12 05:18:14: 175,326,794 states generated (34,780,145 s/min), 24,245,148 distinct states found (4,224,174 ds/min), 15,926,356 states left on queue.
Progress(13) at 2026-07-12 05:19:14: 208,414,757 states generated (33,087,963 s/min), 28,204,747 distinct states found (3,959,599 ds/min), 18,277,615 states left on queue.
Progress(13) at 2026-07-12 05:20:15: 237,223,254 states generated (28,808,497 s/min), 31,782,320 distinct states found (3,577,573 ds/min), 20,431,532 states left on queue.
Progress(13) at 2026-07-12 05:21:15: 269,211,533 states generated (31,988,279 s/min), 35,386,558 distinct states found (3,604,238 ds/min), 22,416,012 states left on queue.
Progress(14) at 2026-07-12 05:22:15: 304,988,846 states generated (35,777,313 s/min), 40,487,447 distinct states found (5,100,889 ds/min), 25,985,364 states left on queue.
Progress(14) at 2026-07-12 05:23:15: 339,151,251 states generated (34,162,405 s/min), 44,881,994 distinct states found (4,394,547 ds/min), 28,990,820 states left on queue.
Progress(14) at 2026-07-12 05:24:15: 374,055,554 states generated (34,904,303 s/min), 49,129,132 distinct states found (4,247,138 ds/min), 31,688,134 states left on queue.
Progress(14) at 2026-07-12 05:25:15: 399,013,882 states generated (24,958,328 s/min), 51,688,827 distinct states found (2,559,695 ds/min), 33,105,278 states left on queue.
Progress(14) at 2026-07-12 05:26:15: 425,586,341 states generated (26,572,459 s/min), 55,017,213 distinct states found (3,328,386 ds/min), 35,232,875 states left on queue.
Progress(14) at 2026-07-12 05:27:15: 458,594,065 states generated (33,007,724 s/min), 58,406,183 distinct states found (3,388,970 ds/min), 37,010,963 states left on queue.
Progress(14) at 2026-07-12 05:28:15: 491,445,380 states generated (32,851,315 s/min), 62,491,683 distinct states found (4,085,500 ds/min), 39,621,348 states left on queue.
Progress(14) at 2026-07-12 05:29:15: 524,086,540 states generated (32,641,160 s/min), 65,843,569 distinct states found (3,351,886 ds/min), 41,377,751 states left on queue.
Progress(14) at 2026-07-12 05:30:15: 553,696,858 states generated (29,610,318 s/min), 69,440,453 distinct states found (3,596,884 ds/min), 43,597,396 states left on queue.
